<html>
<body>
<pre>
<h1>µVision Build Log</h1>
<h2>Tool Versions:</h2>
IDE-Version: µVision V5.12.0.0
Copyright (C) 2014 ARM Ltd and ARM Germany GmbH. All rights reserved.
License Information: PatLas PatLas, AGH, LIC=----
 
Tool Versions:
Toolchain:       MDK-Lite  Version: 5.12.0.0
Toolchain Path:  C:\Keil_v5\ARM\ARMCC\Bin
C Compiler:      Armcc.exe V5.05 (build 41)
Assembler:       Armasm.exe V5.05 (build 41)
Linker/Locator:  ArmLink.exe V5.05 (build 41)
Library Manager: ArmAr.exe V5.05 (build 41)
Hex Converter:   FromElf.exe V5.05 (build 41)
CPU DLL:         SARMCM3.DLL V5.12.0.0
Dialog DLL:      DCM.DLL V1.13.0.0
    Target DLL: STLink\ST-LINKIII-KEIL_SWO.dll
Dialog DLL:      TCM.DLL V1.14.2.0
 
<h2>Project:</h2>
C:\Users\PatLas\Desktop\RS232\Projects\MDK-ARM\RS232.uvproj
Project File Date:  11/05/2014

<h2>Output:</h2>
Build target 'RS232 Configuration'
compiling usbd_cdc_if.c...
linking...
Program Size: Code=18996 RO-data=440 RW-data=376 ZI-data=5136  
"RS232 Configuration\RS232 Configuration.axf" - 0 Error(s), 0 Warning(s).
Load "RS232 Configuration\\RS232 Configuration.axf" 
Erase Done.
Programming Done.
Verify OK.
Application running ...
</pre>
</body>
</html>
compiling usb_device.c...
compiling usbd_cdc_if.c...
compiling usbd_conf.c...
compiling usbd_desc.c...
compiling system_stm32f4xx.c...
compiling stm32f4xx_hal.c...
compiling stm32f4xx_hal_cortex.c...
compiling stm32f4xx_hal_dma.c...
compiling stm32f4xx_hal_dma_ex.c...
compiling stm32f4xx_hal_flash.c...
compiling stm32f4xx_hal_flash_ex.c...
compiling stm32f4xx_hal_flash_ramfunc.c...
compiling stm32f4xx_hal_gpio.c...
compiling stm32f4xx_hal_pcd.c...
compiling stm32f4xx_hal_pwr.c...
compiling stm32f4xx_hal_pwr_ex.c...
compiling stm32f4xx_hal_rcc.c...
compiling stm32f4xx_hal_rcc_ex.c...
compiling stm32f4xx_hal_tim.c...
compiling stm32f4xx_hal_tim_ex.c...
compiling stm32f4xx_ll_usb.c...
compiling stm32f4xx_hal_pcd_ex.c...
compiling usbd_cdc.c...
compiling usbd_core.c...
compiling usbd_ctlreq.c...
compiling usbd_ioreq.c...
linking...
Program Size: Code=19000 RO-data=440 RW-data=376 ZI-data=5136  
"RS232 Configuration\RS232 Configuration.axf" - 0 Error(s), 2 Warning(s).
Load "RS232 Configuration\\RS232 Configuration.axf" 
Erase Done.
Programming Done.
Verify OK.
Application running ...
